============================= test session starts =============================
platform win32 -- Python 3.14.2, pytest-9.0.2, pluggy-1.6.0
rootdir: C:\Users\pidoudet\OneDrive - Microsoft\Boulot\PBI SME\OracleToPostgre\TableauToPowerBI
configfile: pyproject.toml
plugins: cov-7.0.0
collected 5157 items

tests\test_alerts_generator.py .......................................   [  0%]
tests\test_assessment.py ............................................... [  1%]
........                                                                 [  1%]
tests\test_assessment_expansion.py ........................              [  2%]
tests\test_backlog.py ....................................               [  2%]
tests\test_bundle_deployer.py .................................          [  3%]
tests\test_cli_refactor.py ...............................               [  4%]
tests\test_cli_wiring.py .......................                         [  4%]
tests\test_comparison_report.py ....................                     [  5%]
tests\test_coverage_sprint26.py ........................................ [  5%]
........................................................................ [  7%]
...........                                                              [  7%]
tests\test_cross_workload.py ..........................                  [  7%]
tests\test_datasource_extractor.py ..................................... [  8%]
..................                                                       [  9%]
tests\test_dax_converter.py ............................................ [  9%]
........................................................................ [ 11%]
.....................................................                    [ 12%]
tests\test_dax_converter_coverage_push.py .............................. [ 12%]
........................................................................ [ 14%]
........................................................................ [ 15%]
..........                                                               [ 15%]
tests\test_dax_coverage.py ............................................. [ 16%]
........................................................................ [ 18%]
........................................................................ [ 19%]
...............                                                          [ 19%]
tests\test_dax_depth.py ...................                              [ 20%]
tests\test_deploy_auth.py ...........                                    [ 20%]
tests\test_deploy_hardening.py ............................              [ 20%]
tests\test_enterprise_features.py .....................                  [ 21%]
tests\test_error_handling_v2.py .................................        [ 21%]
tests\test_error_paths.py .............................................. [ 22%]
...........................................                              [ 23%]
tests\test_extract_coverage.py ......................................... [ 24%]
.......................................                                  [ 25%]
tests\test_extract_tableau_data.py ..................................... [ 25%]
........................................................................ [ 27%]
................                                                         [ 27%]
tests\test_extraction.py .............................                   [ 28%]
tests\test_extraction_gaps.py ........                                   [ 28%]
tests\test_fabric_integration.py ...........................             [ 28%]
tests\test_feature_gaps.py ............................................  [ 29%]
tests\test_gap_implementations.py ...................................... [ 30%]
............                                                             [ 30%]
tests\test_gateway_config.py .............................               [ 31%]
tests\test_generation_coverage.py ...................................... [ 32%]
........................................................................ [ 33%]
.................................................                        [ 34%]
tests\test_global_assessment.py ...........................              [ 34%]
tests\test_goals_generator.py ........................                   [ 35%]
tests\test_hyper_improvements.py .....................                   [ 35%]
tests\test_hyper_reader.py ............................................. [ 36%]
......                                                                   [ 36%]
tests\test_import_to_powerbi.py ...................                      [ 37%]
tests\test_incremental.py ..........................                     [ 37%]
tests\test_incremental_merge.py ........................................ [ 38%]
......                                                                   [ 38%]
tests\test_infrastructure.py ....................................        [ 39%]
tests\test_integration.py ...............                                [ 39%]
tests\test_m_connectors_v2.py ...............                            [ 39%]
tests\test_m_query_builder.py .......................................... [ 40%]
........................................................................ [ 42%]
..................................                                       [ 42%]
tests\test_m_query_generator.py ......................................   [ 43%]
tests\test_m_transforms_v2.py ............                               [ 43%]
tests\test_merge_artifacts.py .......................................... [ 44%]
.............                                                            [ 44%]
tests\test_merge_config.py ................                              [ 45%]
tests\test_merge_extensions.py ........................................  [ 45%]
tests\test_merge_integration.py ...............                          [ 46%]
tests\test_merge_lineage.py ......................                       [ 46%]
tests\test_merge_performance.py ssssssssss                               [ 46%]
tests\test_merge_report_html.py ........................                 [ 47%]
tests\test_merge_validation.py ......................................... [ 47%]
................                                                         [ 48%]
tests\test_migration.py ss........                                       [ 48%]
tests\test_migration_config.py ............................              [ 49%]
tests\test_migration_report.py ......................................... [ 49%]
....                                                                     [ 49%]
tests\test_migration_validation.py ..............                        [ 50%]
tests\test_multi_tenant.py ..........................                    [ 50%]
tests\test_mutation.py ............                                      [ 50%]
tests\test_new_features.py ............................................. [ 51%]
.............................                                            [ 52%]
tests\test_non_regression.py sssssssssssss.............................. [ 53%]
........................................................................ [ 54%]
.......                                                                  [ 54%]
tests\test_notebook_api.py ...................................           [ 55%]
tests\test_observability.py ............................                 [ 55%]
tests\test_pbi_desktop_validation.py ..................................  [ 56%]
tests\test_pbi_service.py .................................              [ 57%]
tests\test_pbip_coverage_push.py ....................................... [ 57%]
...                                                                      [ 58%]
tests\test_pbip_generator.py ........................................... [ 58%]
...                                                                      [ 58%]
tests\test_pbip_generator_coverage.py .................................. [ 59%]
........................................................................ [ 61%]
........................................................................ [ 62%]
.........................................                                [ 63%]
tests\test_performance.py ...........                                    [ 63%]
tests\test_phase_c_dax_m_hardening.py .................................. [ 64%]
.............                                                            [ 64%]
tests\test_phase_d_e_coverage.py ....................................... [ 65%]
........                                                                 [ 65%]
tests\test_phase_l_dax_coverage.py ..................................... [ 65%]
..................                                                       [ 66%]
tests\test_plugins_progress.py ......................................... [ 67%]
........                                                                 [ 67%]
tests\test_prep_flow_parser.py ......................................... [ 68%]
....................................................................     [ 69%]
tests\test_property_based.py .........                                   [ 69%]
tests\test_pulse_extractor.py ..................................         [ 70%]
tests\test_refresh_generator.py ......................................   [ 70%]
tests\test_rls_consolidation.py ...............................          [ 71%]
tests\test_script_visual.py ............                                 [ 71%]
tests\test_server_assessment.py .....................                    [ 72%]
tests\test_server_client.py ......................................       [ 72%]
tests\test_server_client_v2.py ...................                       [ 73%]
tests\test_shared_model.py ............................................. [ 74%]
....................................                                     [ 74%]
tests\test_shared_model_v2.py .......................................... [ 75%]
.......................                                                  [ 76%]
tests\test_snapshot.py ............                                      [ 76%]
tests\test_sprint28.py ................................................. [ 77%]
.........................                                                [ 77%]
tests\test_sprint29.py ................................................. [ 78%]
.                                                                        [ 78%]
tests\test_sprint31.py ........................................s..       [ 79%]
tests\test_sprint46.py ................................................. [ 80%]
..                                                                       [ 80%]
tests\test_sprint47.py ..................                                [ 80%]
tests\test_sprint_13.py ................................................ [ 81%]
.....                                                                    [ 81%]
tests\test_sprint_features.py .......................................... [ 82%]
....................................                                     [ 83%]
tests\test_sql_fingerprint.py ...........................                [ 83%]
tests\test_strategy_advisor.py ..........................                [ 84%]
tests\test_telemetry.py .........................................        [ 85%]
tests\test_telemetry_dashboard.py ..................                     [ 85%]
tests\test_thin_report_generator.py ....................                 [ 86%]
tests\test_thin_report_validation.py ................................... [ 86%]
....                                                                     [ 86%]
tests\test_tmdl_coverage_push.py ....................................... [ 87%]
................................................                         [ 88%]
tests\test_tmdl_generator.py ........................................... [ 89%]
........................................................................ [ 90%]
                                                                         [ 90%]
tests\test_tmdl_generator_coverage.py .................................. [ 91%]
........................................................................ [ 92%]
...............................                                          [ 93%]
tests\test_v51_features.py ............................................. [ 94%]
.......                                                                  [ 94%]
tests\test_v5_features.py .............................................. [ 95%]
..........................                                               [ 95%]
tests\test_validator_depth.py .............................              [ 96%]
tests\test_visual_diff.py ..........................                     [ 96%]
tests\test_visual_fidelity.py ....................                       [ 97%]
tests\test_visual_generator.py ......................................... [ 98%]
........................                                                 [ 98%]
tests\test_visual_generator_coverage.py ................................ [ 99%]
.......................                                                  [ 99%]
tests\test_wizard.py ........................                            [100%]

====================== 5131 passed, 26 skipped in 32.86s ======================
